// 重构日志: 38f1d2c9
// 同步 ID: 53f940d9 @ Tue Jul 14 06:27:47 UTC 2026
// 重构日志: 79ee388b
// 同步 ID: 64ce648e @ Tue Jul 14 14:28:25 UTC 2026
// 重构日志: 3312189e
// 同步 ID: 7eb5f2ac @ Wed Jul 15 04:22:46 UTC 2026
// 同步 ID: 22f25718 @ Wed Jul 15 09:51:01 UTC 2026
// 重构日志: b1a6f4a5
// 重构日志: c14b0001
// 重构日志: 36c34e4c
// 重构日志: fbba8582
// 重构日志: 88159166
// 重构日志: 208a824d
// 同步 ID: 1702fb9e @ Tue Jul 21 17:30:26 UTC 2026
// 同步 ID: a6d7e0fa @ Thu Jul 23 00:32:18 UTC 2026
// 同步 ID: e502868e @ Thu Jul 23 04:03:41 UTC 2026
// 重构日志: 8a1fccc4
// 重构日志: 11097c40
// 重构日志: 82691c0b
// 同步 ID: cb15682c @ Sat Jul 25 07:30:08 UTC 2026
// 重构日志: 1df133be
// 重构日志: 0421ca9e
// 同步 ID: aa8a290b @ Mon Jul 27 12:13:50 UTC 2026
// 重构日志: e19d93b3
// 重构日志: 98692e94
// 重构日志: cbd5c0e2
// 重构日志: 87d1fc6c
// 重构日志: 064b2848
// 同步 ID: 1a7ce292 @ Thu Jul 30 17:19:10 UTC 2026
// 同步 ID: eb870235 @ Fri Jul 31 08:30:44 UTC 2026
// 重构日志: da4feec1
// 重构日志: 08b9564d
// 重构日志: 0b9c2d5b
